[模型] G=1,152,803 D=255,426 total=1,408,229
[数据] train=65550 val=3450 fixed_samples=[36660, 38686, 61126]
[损失] {'w_cd': 1.0, 'w_adv': 8.27, 'w_uniform': 0.0, 'w_repulsion': 0.0, 'w_cd_fwd': 1.0, 'w_cd_bwd': 1.0, 'squared_cd': True, 'adv_warmup_epochs': 0, 'adv_ramp_epochs': 10, 'adaptive_adv': True, 'adv_target_ratio': 0.1, 'uniform_percentages': [0.004, 0.006, 0.008, 0.01, 0.012], 'repulsion_k': 8, 'repulsion_radius': 0.05}
[环境] NVIDIA GeForce RTX 5090 torch=2.11.0+cu128 cuda=12.8
[loader] num_workers=0 pin_memory=False persistent=False prefetch=-
  ep000 total=0.003923 cd=0.003857 | mon_cd=0.002792 mon_hd=0.013490 mon_nuc=0.657596 score=n/a (164.51s, 6.498GB)
  ep001 total=0.002726 cd=0.002707 | mon_cd=0.002519 mon_hd=0.012297 mon_nuc=0.654811 score=n/a (162.76s, 6.498GB)
  ep002 total=0.002644 cd=0.002606 | mon_cd=0.002488 mon_hd=0.012530 mon_nuc=0.633740 score=n/a (162.25s, 6.498GB)
  ep003 total=0.002468 cd=0.002551 | mon_cd=0.002285 mon_hd=0.012846 mon_nuc=0.659604 score=n/a (161.24s, 6.498GB)
  ep004 total=0.002491 cd=0.002480 | mon_cd=0.002300 mon_hd=0.010958 mon_nuc=0.631280 score=0.926378* (162.53s, 6.498GB)
  ep005 total=0.006894 cd=0.002455 | mon_cd=0.002461 mon_hd=0.013037 mon_nuc=0.640433 score=0.996102 (162.67s, 6.498GB)
  ep006 total=0.033086 cd=0.002404 | mon_cd=0.002273 mon_hd=0.011154 mon_nuc=0.655261 score=0.935094 (162.63s, 6.498GB)
  ep007 total=0.052949 cd=0.002383 | mon_cd=0.002215 mon_hd=0.010860 mon_nuc=0.684054 score=0.931898 (162.52s, 6.498GB)
  ep008 total=0.103591 cd=0.002329 | mon_cd=0.002215 mon_hd=0.012214 mon_nuc=0.625901 score=0.926850 (163.1s, 6.498GB)
  ep009 total=0.219794 cd=0.002291 | mon_cd=0.002253 mon_hd=0.010097 mon_nuc=0.677095 score=0.924130* (162.56s, 6.498GB)
  ep010 total=0.336483 cd=0.002278 | mon_cd=0.002295 mon_hd=0.009427 mon_nuc=0.642324 score=0.905922* (159.04s, 6.498GB)
  ep011 total=0.517397 cd=0.002250 | mon_cd=0.002174 mon_hd=0.010675 mon_nuc=0.752434 score=0.951963 (161.8s, 6.498GB)
  ep012 total=0.734947 cd=0.002233 | mon_cd=0.002258 mon_hd=0.010629 mon_nuc=0.710071 score=0.948857 (162.8s, 6.498GB)
  ep013 total=1.237117 cd=0.002217 | mon_cd=0.002246 mon_hd=0.008539 mon_nuc=0.693612 score=0.905449* (162.66s, 6.498GB)
  ep014 total=1.506354 cd=0.002182 | mon_cd=0.002124 mon_hd=0.011391 mon_nuc=0.663133 score=0.912611 (162.69s, 6.498GB)
  ep015 total=1.808391 cd=0.002183 | mon_cd=0.002250 mon_hd=0.010867 mon_nuc=0.660134 score=0.928018 (163.09s, 6.498GB)
  ep016 total=1.985437 cd=0.002176 | mon_cd=0.002280 mon_hd=0.010034 mon_nuc=0.777708 score=0.974727 (162.71s, 6.498GB)
  ep017 total=2.143179 cd=0.002156 | mon_cd=0.002244 mon_hd=0.010252 mon_nuc=0.707961 score=0.938940 (162.57s, 6.498GB)
  ep018 total=2.193573 cd=0.002156 | mon_cd=0.002219 mon_hd=0.008685 mon_nuc=0.735996 score=0.921869 (162.54s, 6.498GB)
  ep019 total=1.865747 cd=0.002125 | mon_cd=0.002058 mon_hd=0.010118 mon_nuc=0.729673 score=0.909466 (162.81s, 6.498GB)
  ep020 total=1.955920 cd=0.002156 | mon_cd=0.002178 mon_hd=0.011664 mon_nuc=0.687448 score=0.938867 (162.52s, 6.498GB)
  ep021 total=1.726528 cd=0.002116 | mon_cd=0.001978 mon_hd=0.010011 mon_nuc=0.758077 score=0.904692* (162.28s, 6.498GB)
  ep022 total=1.583975 cd=0.002108 | mon_cd=0.002213 mon_hd=0.008050 mon_nuc=0.787062 score=0.933788 (161.74s, 6.498GB)
  ep023 total=1.092066 cd=0.002097 | mon_cd=0.002222 mon_hd=0.009376 mon_nuc=0.806477 score=0.965768 (161.53s, 6.498GB)
  ep024 total=0.976017 cd=0.002090 | mon_cd=0.002048 mon_hd=0.010892 mon_nuc=0.754976 score=0.931292 (157.66s, 6.498GB)
  ep025 total=0.954530 cd=0.002101 | mon_cd=0.002166 mon_hd=0.009380 mon_nuc=0.731405 score=0.920164 (162.08s, 6.498GB)
  ep026 total=0.596670 cd=0.002079 | mon_cd=0.002055 mon_hd=0.009064 mon_nuc=0.752931 score=0.902674* (160.72s, 6.498GB)
  ep027 total=0.539845 cd=0.002086 | mon_cd=0.002130 mon_hd=0.008984 mon_nuc=0.746903 score=0.913706 (163.04s, 6.498GB)
  ep028 total=0.433894 cd=0.002075 | mon_cd=0.002042 mon_hd=0.008930 mon_nuc=0.741131 score=0.892531* (162.54s, 6.498GB)
  ep029 total=0.041430 cd=0.002057 | mon_cd=0.002275 mon_hd=0.009452 mon_nuc=0.842416 score=0.994157 (162.69s, 6.498GB)
  ep030 total=-0.088154 cd=0.002013 | mon_cd=0.002230 mon_hd=0.008929 mon_nuc=0.762349 score=0.939927 (162.7s, 6.498GB)
  ep031 total=-0.022856 cd=0.002014 | mon_cd=0.002246 mon_hd=0.012236 mon_nuc=0.798483 score=1.012631 (163.1s, 6.498GB)
  ep032 total=0.028786 cd=0.002020 | mon_cd=0.002165 mon_hd=0.008761 mon_nuc=0.733864 score=0.911228 (162.8s, 6.498GB)
  ep033 total=0.014595 cd=0.002009 | mon_cd=0.002049 mon_hd=0.008107 mon_nuc=0.794778 score=0.905244 (162.75s, 6.498GB)
  ep034 total=0.001262 cd=0.001998 | mon_cd=0.002199 mon_hd=0.009575 mon_nuc=0.756647 score=0.941486 (162.94s, 6.498GB)
  ep035 total=0.002071 cd=0.001991 | mon_cd=0.002182 mon_hd=0.009989 mon_nuc=0.771010 score=0.951297 (163.05s, 6.498GB)
  ep036 total=0.002680 cd=0.002016 | mon_cd=0.002089 mon_hd=0.009017 mon_nuc=0.728040 score=0.897373 (162.86s, 6.498GB)
  ep037 total=0.002190 cd=0.001982 | mon_cd=0.002119 mon_hd=0.009699 mon_nuc=0.724264 score=0.912585 (161.53s, 6.498GB)
  ep038 total=0.002943 cd=0.001988 | mon_cd=0.002058 mon_hd=0.008778 mon_nuc=0.742102 score=0.893726 (160.76s, 6.498GB)
  ep039 total=0.002334 cd=0.001994 | mon_cd=0.002175 mon_hd=0.008620 mon_nuc=0.724923 score=0.906876 (161.18s, 6.498GB)
  ep040 total=0.006686 cd=0.001990 | mon_cd=0.002085 mon_hd=0.008385 mon_nuc=0.722119 score=0.883761* (157.4s, 6.498GB)
  ep041 total=0.002456 cd=0.001993 | mon_cd=0.002228 mon_hd=0.010004 mon_nuc=0.708626 score=0.932057 (160.98s, 6.498GB)
  ep042 total=0.005745 cd=0.001981 | mon_cd=0.002073 mon_hd=0.007853 mon_nuc=0.710352 score=0.867406* (162.54s, 6.498GB)
  ep043 total=0.002652 cd=0.001973 | mon_cd=0.002070 mon_hd=0.008333 mon_nuc=0.672088 score=0.856876* (161.99s, 6.498GB)
  ep044 total=0.004194 cd=0.001973 | mon_cd=0.002050 mon_hd=0.008456 mon_nuc=0.740915 score=0.886493 (162.89s, 6.498GB)
  ep045 total=0.002718 cd=0.001965 | mon_cd=0.002052 mon_hd=0.009162 mon_nuc=0.700457 score=0.879481 (162.81s, 6.498GB)
  ep046 total=0.002303 cd=0.001971 | mon_cd=0.002074 mon_hd=0.008646 mon_nuc=0.726150 score=0.887485 (162.54s, 6.498GB)
  ep047 total=0.002355 cd=0.001960 | mon_cd=0.001960 mon_hd=0.006949 mon_nuc=0.754515 score=0.850451* (162.83s, 6.498GB)
  ep048 total=0.002467 cd=0.001956 | mon_cd=0.002025 mon_hd=0.007154 mon_nuc=0.732698 score=0.856879 (162.47s, 6.498GB)
  ep049 total=0.002651 cd=0.001955 | mon_cd=0.002018 mon_hd=0.009155 mon_nuc=0.767517 score=0.903328 (162.49s, 6.498GB)
  ep050 total=0.002249 cd=0.001948 | mon_cd=0.002176 mon_hd=0.007824 mon_nuc=0.728078 score=0.895818 (162.56s, 6.498GB)
  ep051 total=0.002703 cd=0.001956 | mon_cd=0.002051 mon_hd=0.008397 mon_nuc=0.694616 score=0.864486 (162.74s, 6.498GB)
  ep052 total=0.002264 cd=0.001947 | mon_cd=0.002093 mon_hd=0.008948 mon_nuc=0.698704 score=0.883532 (162.7s, 6.498GB)
  ep053 total=0.002205 cd=0.001945 | mon_cd=0.002016 mon_hd=0.008153 mon_nuc=0.778092 score=0.891857 (162.73s, 6.498GB)
  ep054 total=0.002211 cd=0.001935 | mon_cd=0.002082 mon_hd=0.008479 mon_nuc=0.741613 score=0.893529 (162.7s, 6.498GB)
  ep055 total=0.002270 cd=0.001943 | mon_cd=0.002109 mon_hd=0.008302 mon_nuc=0.716623 score=0.884763 (161.09s, 6.498GB)
  ep056 total=0.002326 cd=0.001947 | mon_cd=0.002122 mon_hd=0.008123 mon_nuc=0.706386 score=0.879772 (162.49s, 6.498GB)
  ep057 total=0.002381 cd=0.001936 | mon_cd=0.002101 mon_hd=0.007948 mon_nuc=0.739055 score=0.887642 (162.49s, 6.498GB)
  ep058 total=0.002150 cd=0.001944 | mon_cd=0.002055 mon_hd=0.008389 mon_nuc=0.785566 score=0.906836 (162.59s, 6.498GB)
  ep059 total=0.002200 cd=0.001937 | mon_cd=0.002052 mon_hd=0.012364 mon_nuc=0.714043 score=0.936847 (162.51s, 6.498GB)
  ep060 total=0.002084 cd=0.001908 | mon_cd=0.002054 mon_hd=0.008825 mon_nuc=0.745949 score=0.895359 (163.28s, 6.498GB)
  ep061 total=0.002094 cd=0.001901 | mon_cd=0.002131 mon_hd=0.008780 mon_nuc=0.729906 score=0.902826 (163.86s, 6.498GB)
  ep062 total=0.002064 cd=0.001902 | mon_cd=0.002075 mon_hd=0.008727 mon_nuc=0.706364 score=0.880044 (160.12s, 6.498GB)
  ep063 total=0.002097 cd=0.001898 | mon_cd=0.001999 mon_hd=0.008597 mon_nuc=0.745773 score=0.880629 (162.4s, 6.498GB)
  ep064 total=0.002109 cd=0.001898 | mon_cd=0.002042 mon_hd=0.007839 mon_nuc=0.719700 score=0.865220 (162.9s, 6.498GB)
  ep065 total=0.002061 cd=0.001892 | mon_cd=0.002031 mon_hd=0.008937 mon_nuc=0.721844 score=0.881623 (162.77s, 6.498GB)
  ep066 total=0.002026 cd=0.001890 | mon_cd=0.002010 mon_hd=0.008503 mon_nuc=0.766303 score=0.890687 (162.84s, 6.498GB)
  ep067 total=0.002060 cd=0.001891 | mon_cd=0.002113 mon_hd=0.007444 mon_nuc=0.687594 score=0.858540 (163.06s, 6.498GB)
  ep068 total=0.002078 cd=0.001885 | mon_cd=0.001968 mon_hd=0.006695 mon_nuc=0.694183 score=0.820426* (160.27s, 6.498GB)
  ep069 total=0.002110 cd=0.001893 | mon_cd=0.002146 mon_hd=0.007813 mon_nuc=0.677807 score=0.866596 (162.25s, 6.498GB)
  ep070 total=0.002358 cd=0.001891 | mon_cd=0.002018 mon_hd=0.007176 mon_nuc=0.770427 score=0.873142 (157.02s, 6.498GB)
  ep071 total=0.002067 cd=0.001886 | mon_cd=0.001930 mon_hd=0.007672 mon_nuc=0.759780 score=0.858453 (157.39s, 6.498GB)
  ep072 total=0.002138 cd=0.001881 | mon_cd=0.002040 mon_hd=0.007988 mon_nuc=0.703741 score=0.859947 (157.26s, 6.498GB)
  ep073 total=0.002037 cd=0.001887 | mon_cd=0.001948 mon_hd=0.007267 mon_nuc=0.710508 score=0.832957 (162.26s, 6.498GB)
  ep074 total=0.002065 cd=0.001879 | mon_cd=0.001957 mon_hd=0.007230 mon_nuc=0.710147 score=0.834064 (162.6s, 6.498GB)
  ep075 total=0.002018 cd=0.001877 | mon_cd=0.001960 mon_hd=0.007329 mon_nuc=0.708571 score=0.835478 (162.78s, 6.498GB)
  ep076 total=0.002058 cd=0.001884 | mon_cd=0.002029 mon_hd=0.034312 mon_nuc=0.762447 score=1.304805 (162.75s, 6.498GB)
  ep077 total=0.002033 cd=0.001879 | mon_cd=0.001959 mon_hd=0.007323 mon_nuc=0.709265 score=0.835618 (162.91s, 6.498GB)
  ep078 total=0.002030 cd=0.001879 | mon_cd=0.002014 mon_hd=0.007644 mon_nuc=0.673383 score=0.835320 (163.09s, 6.498GB)
  ep079 total=0.002025 cd=0.001879 | mon_cd=0.001941 mon_hd=0.007745 mon_nuc=0.724106 score=0.845556 (162.76s, 6.498GB)
  ep080 total=0.001993 cd=0.001875 | mon_cd=0.002068 mon_hd=0.007674 mon_nuc=0.721400 score=0.868647 (162.76s, 6.498GB)
  ep081 total=0.002028 cd=0.001873 | mon_cd=0.001988 mon_hd=0.007921 mon_nuc=0.736896 score=0.863561 (162.91s, 6.498GB)
  ep082 total=0.001960 cd=0.001869 | mon_cd=0.001958 mon_hd=0.007413 mon_nuc=0.720465 score=0.841847 (162.29s, 6.498GB)
  ep083 total=0.001968 cd=0.001872 | mon_cd=0.001972 mon_hd=0.007667 mon_nuc=0.717320 score=0.847372 (162.62s, 6.498GB)
  ep084 total=0.001961 cd=0.001871 | mon_cd=0.001972 mon_hd=0.008807 mon_nuc=0.763008 score=0.886564 (162.98s, 6.498GB)
  ep085 total=0.001954 cd=0.001871 | mon_cd=0.001910 mon_hd=0.007692 mon_nuc=0.704927 score=0.829647 (162.06s, 6.498GB)
  ep086 total=0.001991 cd=0.001868 | mon_cd=0.001988 mon_hd=0.006666 mon_nuc=0.703669 score=0.828323 (163.14s, 6.498GB)
  ep087 total=0.001921 cd=0.001863 | mon_cd=0.001946 mon_hd=0.008357 mon_nuc=0.724931 score=0.856682 (159.38s, 6.498GB)
  ep088 total=0.001944 cd=0.001865 | mon_cd=0.001966 mon_hd=0.008006 mon_nuc=0.696519 score=0.841940 (162.83s, 6.498GB)
  ep089 total=0.001926 cd=0.001870 | mon_cd=0.001959 mon_hd=0.006849 mon_nuc=0.704372 score=0.825809 (163.14s, 6.498GB)
  ep090 total=0.001886 cd=0.001851 | mon_cd=0.001983 mon_hd=0.006935 mon_nuc=0.747790 score=0.851817 (158.96s, 6.498GB)
  ep091 total=0.001921 cd=0.001842 | mon_cd=0.001933 mon_hd=0.007851 mon_nuc=0.718823 score=0.843132 (159.24s, 6.498GB)
  ep092 total=0.001862 cd=0.001844 | mon_cd=0.001914 mon_hd=0.007889 mon_nuc=0.740280 score=0.849696 (158.94s, 6.498GB)
  ep093 total=0.001847 cd=0.001842 | mon_cd=0.001946 mon_hd=0.007785 mon_nuc=0.692043 score=0.832442 (159.05s, 6.498GB)
  ep094 total=0.001921 cd=0.001845 | mon_cd=0.002069 mon_hd=0.008995 mon_nuc=0.683999 score=0.872747 (158.66s, 6.498GB)
  ep095 total=0.001841 cd=0.001842 | mon_cd=0.001986 mon_hd=0.008199 mon_nuc=0.705213 score=0.853184 (158.98s, 6.498GB)
  ep096 total=0.001827 cd=0.001838 | mon_cd=0.001993 mon_hd=0.008231 mon_nuc=0.734870 score=0.868589 (159.03s, 6.498GB)
  ep097 total=0.001823 cd=0.001840 | mon_cd=0.001902 mon_hd=0.009516 mon_nuc=0.711050 score=0.860017 (158.81s, 6.498GB)
  ep098 total=0.001826 cd=0.001839 | mon_cd=0.001922 mon_hd=0.008527 mon_nuc=0.709630 score=0.847474 (159.09s, 6.498GB)
  ep099 total=0.001837 cd=0.001837 | mon_cd=0.001943 mon_hd=0.007851 mon_nuc=0.680309 score=0.827412 (159.14s, 6.498GB)
  ep100 total=0.001830 cd=0.001838 | mon_cd=0.001896 mon_hd=0.008088 mon_nuc=0.789800 score=0.871957 (159.3s, 6.498GB)
  ep101 total=0.001816 cd=0.001832 | mon_cd=0.001886 mon_hd=0.007422 mon_nuc=0.749710 score=0.840977 (159.11s, 6.498GB)
  ep102 total=0.001824 cd=0.001836 | mon_cd=0.001872 mon_hd=0.007710 mon_nuc=0.710208 score=0.824784 (160.4s, 6.498GB)
  ep103 total=0.001825 cd=0.001838 | mon_cd=0.001941 mon_hd=0.008291 mon_nuc=0.724700 score=0.854494 (159.15s, 6.498GB)
  ep104 total=0.001815 cd=0.001829 | mon_cd=0.001991 mon_hd=0.026646 mon_nuc=0.752514 score=1.170331 (157.89s, 6.498GB)
  ep105 total=0.001824 cd=0.001837 | mon_cd=0.001991 mon_hd=0.008509 mon_nuc=0.736490 score=0.873492 (158.4s, 6.498GB)
  ep106 total=0.001788 cd=0.001837 | mon_cd=0.001926 mon_hd=0.007700 mon_nuc=0.715321 score=0.837728 (160.39s, 6.498GB)
  ep107 total=0.001895 cd=0.001838 | mon_cd=0.001904 mon_hd=0.008413 mon_nuc=0.714263 score=0.844162 (159.42s, 6.498GB)
  ep108 total=0.001831 cd=0.001830 | mon_cd=0.001859 mon_hd=0.007660 mon_nuc=0.748423 score=0.838836 (159.26s, 6.498GB)
  ep109 total=0.001833 cd=0.001830 | mon_cd=0.001912 mon_hd=0.010887 mon_nuc=0.759730 score=0.906210 (160.28s, 6.498GB)
  ep110 total=0.001839 cd=0.001837 | mon_cd=0.001869 mon_hd=0.007542 mon_nuc=0.720515 score=0.826194 (159.25s, 6.498GB)
  ep111 total=0.001820 cd=0.001835 | mon_cd=0.001900 mon_hd=0.009610 mon_nuc=0.778449 score=0.891912 (159.44s, 6.498GB)
  ep112 total=0.001840 cd=0.001836 | mon_cd=0.001915 mon_hd=0.007462 mon_nuc=0.703840 score=0.826506 (159.21s, 6.498GB)
  ep113 total=0.001834 cd=0.001830 | mon_cd=0.001882 mon_hd=0.007864 mon_nuc=0.802978 score=0.871581 (159.24s, 6.498GB)
  ep114 total=0.001837 cd=0.001829 | mon_cd=0.001922 mon_hd=0.007786 mon_nuc=0.703410 score=0.832781 (159.26s, 6.498GB)
  ep115 total=0.001843 cd=0.001833 | mon_cd=0.001883 mon_hd=0.007362 mon_nuc=0.717497 score=0.824711 (160.14s, 6.498GB)
  ep116 total=0.001823 cd=0.001837 | mon_cd=0.001864 mon_hd=0.007227 mon_nuc=0.667004 score=0.795473* (159.93s, 6.498GB)
  ep117 total=0.001831 cd=0.001827 | mon_cd=0.001925 mon_hd=0.008079 mon_nuc=0.665809 score=0.820938 (159.18s, 6.498GB)
  ep118 total=0.001860 cd=0.001833 | mon_cd=0.001908 mon_hd=0.007708 mon_nuc=0.656713 score=0.807286 (159.26s, 6.498GB)
  ep119 total=0.001846 cd=0.001829 | mon_cd=0.001969 mon_hd=0.008818 mon_nuc=0.710204 score=0.861848 (159.19s, 6.498GB)
  ep120 total=0.001833 cd=0.001815 | mon_cd=0.001911 mon_hd=0.007373 mon_nuc=0.630974 score=0.790750* (159.63s, 6.498GB)
  ep121 total=0.001831 cd=0.001812 | mon_cd=0.001848 mon_hd=0.007161 mon_nuc=0.732992 score=0.821594 (159.0s, 6.498GB)
  ep122 total=0.001815 cd=0.001813 | mon_cd=0.001879 mon_hd=0.010253 mon_nuc=0.718448 score=0.870484 (160.14s, 6.498GB)
  ep123 total=0.001813 cd=0.001812 | mon_cd=0.001865 mon_hd=0.007096 mon_nuc=0.742299 score=0.828259 (160.08s, 6.498GB)
  ep124 total=0.001809 cd=0.001809 | mon_cd=0.001915 mon_hd=0.007587 mon_nuc=0.694909 score=0.824346 (161.66s, 6.498GB)
  ep125 total=0.001809 cd=0.001812 | mon_cd=0.001907 mon_hd=0.008048 mon_nuc=0.739384 score=0.850430 (178.84s, 6.498GB)
  ep126 total=0.001810 cd=0.001815 | mon_cd=0.001935 mon_hd=0.009377 mon_nuc=0.687348 score=0.853508 (221.99s, 6.498GB)
  ep127 total=0.001808 cd=0.001811 | mon_cd=0.001922 mon_hd=0.007831 mon_nuc=0.653853 score=0.810806 (157.14s, 6.498GB)
  ep128 total=0.001810 cd=0.001809 | mon_cd=0.001980 mon_hd=0.008307 mon_nuc=0.634971 score=0.821527 (161.06s, 6.498GB)
  ep129 total=0.001809 cd=0.001810 | mon_cd=0.001901 mon_hd=0.007958 mon_nuc=0.693478 score=0.826886 (161.03s, 6.498GB)
  ep130 total=0.001805 cd=0.001808 | mon_cd=0.001886 mon_hd=0.008358 mon_nuc=0.711624 score=0.838428 (162.07s, 6.498GB)
/root/puv-net/puvnet/viz/visualize.py:153: UserWarning: Glyph 35757 (\N{CJK UNIFIED IDEOGRAPH-8BAD}) missing from font(s) DejaVu Sans.
  fig.tight_layout()
/root/puv-net/puvnet/viz/visualize.py:153: UserWarning: Glyph 32451 (\N{CJK UNIFIED IDEOGRAPH-7EC3}) missing from font(s) DejaVu Sans.
  fig.tight_layout()
/root/puv-net/puvnet/viz/visualize.py:153: UserWarning: Glyph 25439 (\N{CJK UNIFIED IDEOGRAPH-635F}) missing from font(s) DejaVu Sans.
  fig.tight_layout()
/root/puv-net/puvnet/viz/visualize.py:153: UserWarning: Glyph 22833 (\N{CJK UNIFIED IDEOGRAPH-5931}) missing from font(s) DejaVu Sans.
  fig.tight_layout()
/root/puv-net/puvnet/viz/visualize.py:153: UserWarning: Glyph 20998 (\N{CJK UNIFIED IDEOGRAPH-5206}) missing from font(s) DejaVu Sans.
  fig.tight_layout()
/root/puv-net/puvnet/viz/visualize.py:153: UserWarning: Glyph 39033 (\N{CJK UNIFIED IDEOGRAPH-9879}) missing from font(s) DejaVu Sans.
  fig.tight_layout()
/root/puv-net/puvnet/viz/visualize.py:59: UserWarning: Glyph 35757 (\N{CJK UNIFIED IDEOGRAPH-8BAD}) missing from font(s) DejaVu Sans.
  fig.savefig(out_path, dpi=DPI, bbox_inches="tight")
/root/puv-net/puvnet/viz/visualize.py:59: UserWarning: Glyph 32451 (\N{CJK UNIFIED IDEOGRAPH-7EC3}) missing from font(s) DejaVu Sans.
  fig.savefig(out_path, dpi=DPI, bbox_inches="tight")
/root/puv-net/puvnet/viz/visualize.py:59: UserWarning: Glyph 25439 (\N{CJK UNIFIED IDEOGRAPH-635F}) missing from font(s) DejaVu Sans.
  fig.savefig(out_path, dpi=DPI, bbox_inches="tight")
/root/puv-net/puvnet/viz/visualize.py:59: UserWarning: Glyph 22833 (\N{CJK UNIFIED IDEOGRAPH-5931}) missing from font(s) DejaVu Sans.
  fig.savefig(out_path, dpi=DPI, bbox_inches="tight")
/root/puv-net/puvnet/viz/visualize.py:59: UserWarning: Glyph 20998 (\N{CJK UNIFIED IDEOGRAPH-5206}) missing from font(s) DejaVu Sans.
  fig.savefig(out_path, dpi=DPI, bbox_inches="tight")
/root/puv-net/puvnet/viz/visualize.py:59: UserWarning: Glyph 39033 (\N{CJK UNIFIED IDEOGRAPH-9879}) missing from font(s) DejaVu Sans.
  fig.savefig(out_path, dpi=DPI, bbox_inches="tight")
  ep131 total=0.001806 cd=0.001807 | mon_cd=0.001917 mon_hd=0.007966 mon_nuc=0.660802 score=0.815175 (163.54s, 6.498GB)
  ep132 total=0.001810 cd=0.001807 | mon_cd=0.001970 mon_hd=0.008379 mon_nuc=0.649448 score=0.827302 (159.32s, 6.498GB)
  ep133 total=0.001807 cd=0.001803 | mon_cd=0.001932 mon_hd=0.014439 mon_nuc=0.680401 score=0.930500 (158.72s, 6.498GB)
  ep134 total=0.001806 cd=0.001805 | mon_cd=0.001944 mon_hd=0.008062 mon_nuc=0.654207 score=0.819090 (160.11s, 6.498GB)
  ep135 total=0.001807 cd=0.001807 | mon_cd=0.001887 mon_hd=0.007963 mon_nuc=0.668159 score=0.812493 (159.16s, 6.498GB)
  ep136 total=0.001807 cd=0.001804 | mon_cd=0.001918 mon_hd=0.009979 mon_nuc=0.680288 score=0.856404 (158.99s, 6.498GB)
  ep137 total=0.001802 cd=0.001800 | mon_cd=0.001947 mon_hd=0.010763 mon_nuc=0.642588 score=0.857532 (160.04s, 6.498GB)
  ep138 total=0.001806 cd=0.001803 | mon_cd=0.001886 mon_hd=0.007800 mon_nuc=0.684123 score=0.817067 (162.56s, 6.498GB)
  ep139 total=0.001804 cd=0.001803 | mon_cd=0.001901 mon_hd=0.008510 mon_nuc=0.653493 score=0.817379 (160.95s, 6.498GB)
  ep140 total=0.001808 cd=0.001806 | mon_cd=0.001928 mon_hd=0.008043 mon_nuc=0.657974 score=0.817379 (162.13s, 6.498GB)
  ep141 total=0.001805 cd=0.001802 | mon_cd=0.001914 mon_hd=0.008031 mon_nuc=0.690051 score=0.829051 (162.47s, 6.498GB)
  ep142 total=0.001804 cd=0.001800 | mon_cd=0.002000 mon_hd=0.008020 mon_nuc=0.634037 score=0.820515 (163.24s, 6.498GB)
  ep143 total=0.001801 cd=0.001798 | mon_cd=0.001908 mon_hd=0.008026 mon_nuc=0.654684 score=0.811537 (158.61s, 6.498GB)
  ep144 total=0.001803 cd=0.001801 | mon_cd=0.002041 mon_hd=0.039082 mon_nuc=0.676234 score=1.343804 (157.74s, 6.498GB)
  ep145 total=0.001803 cd=0.001799 | mon_cd=0.001922 mon_hd=0.007870 mon_nuc=0.654431 score=0.811774 (157.94s, 6.498GB)
  ep146 total=0.001803 cd=0.001799 | mon_cd=0.001920 mon_hd=0.010020 mon_nuc=0.642342 score=0.840133 (158.92s, 6.498GB)
  ep147 total=0.001804 cd=0.001800 | mon_cd=0.001947 mon_hd=0.007725 mon_nuc=0.655647 score=0.814905 (161.38s, 6.498GB)
  ep148 total=0.001800 cd=0.001800 | mon_cd=0.001913 mon_hd=0.008053 mon_nuc=0.663194 score=0.816872 (160.29s, 6.498GB)
  ep149 total=0.001799 cd=0.001798 | mon_cd=0.001925 mon_hd=0.008078 mon_nuc=0.683539 score=0.828999 (159.16s, 6.498GB)

[完成] 产物目录 runs/ABL_B2_adv_adaptive
       综合选点 best = ep120 (score=0.790750)
       影子对照 cd-only 会选 = ep121 (cd=0.001848)  ← ★两准则分歧，须在论文中说明
       平台区 cd: 0.001935 ± 0.000047  (最优 0.001848 @ep121)
       平台区 hd: 0.009202 ± 0.005185  (最优 0.006666 @ep86)
       平台区 nuc: 0.701984 ± 0.038535  (最优 0.625901 @ep8)
       图 8 张: ['F_loss.png', 'F_metric.png', 'F_cloud_idx36660.png', 'F_hist_idx36660.png', 'F_cloud_idx38686.png', 'F_hist_idx38686.png', 'F_cloud_idx61126.png', 'F_hist_idx61126.png']
