[模型] G=1,152,803 D=255,426 total=1,408,229
[数据] train=65550 val=3450 fixed_samples=[36660, 38686, 61126]
[损失] {'w_cd': 1.0, 'w_adv': 8.27, 'w_uniform': 0.0, 'w_repulsion': 0.0, 'w_cd_fwd': 1.0, 'w_cd_bwd': 1.0, 'squared_cd': True, 'adv_warmup_epochs': 0, 'adv_ramp_epochs': 10, 'adaptive_adv': False, 'adv_target_ratio': 0.1, 'uniform_percentages': [0.004, 0.006, 0.008, 0.01, 0.012], 'repulsion_k': 8, 'repulsion_radius': 0.05}
[环境] NVIDIA GeForce RTX 5090 torch=2.11.0+cu128 cuda=12.8
[loader] num_workers=8 pin_memory=True persistent=True prefetch=2
  ep000 total=0.036671 cd=0.003882 | mon_cd=0.002655 mon_hd=0.013713 mon_nuc=0.738073 score=n/a (97.26s, 6.018GB)
  ep001 total=0.062752 cd=0.002721 | mon_cd=0.002437 mon_hd=0.011502 mon_nuc=0.759212 score=n/a (94.94s, 6.018GB)
  ep002 total=0.063357 cd=0.002628 | mon_cd=0.002525 mon_hd=0.011752 mon_nuc=0.700424 score=n/a (95.38s, 6.018GB)
  ep003 total=0.060544 cd=0.002588 | mon_cd=0.002375 mon_hd=0.012757 mon_nuc=0.687097 score=n/a (95.66s, 6.018GB)
  ep004 total=0.059716 cd=0.002530 | mon_cd=0.002254 mon_hd=0.012548 mon_nuc=0.656081 score=0.943464* (95.08s, 6.018GB)
  ep005 total=0.041808 cd=0.002456 | mon_cd=0.002317 mon_hd=0.012214 mon_nuc=0.677402 score=0.960197 (94.8s, 6.018GB)
  ep006 total=0.266787 cd=0.002445 | mon_cd=0.002548 mon_hd=0.011190 mon_nuc=0.630541 score=0.971126 (95.21s, 6.018GB)
  ep007 total=0.291057 cd=0.002400 | mon_cd=0.002190 mon_hd=0.010067 mon_nuc=0.774348 score=0.941357* (94.08s, 6.018GB)
  ep008 total=0.260563 cd=0.002346 | mon_cd=0.002238 mon_hd=0.010877 mon_nuc=0.694274 score=0.929894* (95.21s, 6.018GB)
  ep009 total=0.184638 cd=0.002328 | mon_cd=0.002220 mon_hd=0.010794 mon_nuc=0.741347 score=0.944974 (94.93s, 6.018GB)
  ep010 total=-0.260197 cd=0.002282 | mon_cd=0.002302 mon_hd=0.008828 mon_nuc=0.732727 score=0.926856* (95.44s, 6.018GB)
  ep011 total=-0.399912 cd=0.002251 | mon_cd=0.002092 mon_hd=0.009178 mon_nuc=0.752394 score=0.897829* (94.2s, 6.018GB)
  ep012 total=-1.080394 cd=0.002256 | mon_cd=0.002239 mon_hd=0.009109 mon_nuc=0.775774 score=0.936765 (95.37s, 6.018GB)
  ep013 total=-1.980305 cd=0.002234 | mon_cd=0.002262 mon_hd=0.010294 mon_nuc=0.696184 score=0.926345 (95.45s, 6.018GB)
  ep014 total=-1.948076 cd=0.002239 | mon_cd=0.002335 mon_hd=0.010433 mon_nuc=0.657693 score=0.926993 (94.93s, 6.018GB)
  ep015 total=-1.961789 cd=0.002206 | mon_cd=0.002246 mon_hd=0.009636 mon_nuc=0.738454 score=0.930759 (95.47s, 6.018GB)
  ep016 total=-3.615987 cd=0.002236 | mon_cd=0.002206 mon_hd=0.009949 mon_nuc=0.724624 score=0.921604 (95.15s, 6.018GB)
  ep017 total=1.793137 cd=0.002191 | mon_cd=0.002150 mon_hd=0.009033 mon_nuc=0.714000 score=0.890974* (95.01s, 6.018GB)
  ep018 total=1.930297 cd=0.002142 | mon_cd=0.002225 mon_hd=0.008840 mon_nuc=0.692158 score=0.893807 (95.08s, 6.018GB)
  ep019 total=1.721054 cd=0.002170 | mon_cd=0.002322 mon_hd=0.008708 mon_nuc=0.764986 score=0.942829 (95.52s, 6.018GB)
  ep020 total=1.305942 cd=0.002160 | mon_cd=0.002416 mon_hd=0.009184 mon_nuc=0.694867 score=0.939602 (94.9s, 6.018GB)
  ep021 total=0.994055 cd=0.002150 | mon_cd=0.002237 mon_hd=0.007855 mon_nuc=0.683624 score=0.876915* (94.9s, 6.018GB)
  ep022 total=0.798879 cd=0.002131 | mon_cd=0.002126 mon_hd=0.008928 mon_nuc=0.754410 score=0.901683 (95.24s, 6.018GB)
  ep023 total=0.595611 cd=0.002129 | mon_cd=0.002296 mon_hd=0.008518 mon_nuc=0.697420 score=0.905591 (95.16s, 6.018GB)
  ep024 total=0.319307 cd=0.002133 | mon_cd=0.002175 mon_hd=0.009353 mon_nuc=0.686986 score=0.889457 (95.0s, 6.018GB)
  ep025 total=0.101155 cd=0.002127 | mon_cd=0.002350 mon_hd=0.007656 mon_nuc=0.741788 score=0.921957 (95.11s, 6.018GB)
  ep026 total=1.083786 cd=0.002120 | mon_cd=0.002162 mon_hd=0.007617 mon_nuc=0.713068 score=0.870478* (95.04s, 6.018GB)
  ep027 total=0.818060 cd=0.002129 | mon_cd=0.002338 mon_hd=0.008493 mon_nuc=0.737842 score=0.931039 (95.22s, 6.018GB)
  ep028 total=0.846468 cd=0.002108 | mon_cd=0.002078 mon_hd=0.008558 mon_nuc=0.814849 score=0.911713 (95.06s, 6.018GB)
  ep029 total=0.564266 cd=0.002099 | mon_cd=0.002316 mon_hd=0.008368 mon_nuc=0.691074 score=0.904491 (94.93s, 6.018GB)
  ep030 total=0.731607 cd=0.002044 | mon_cd=0.002228 mon_hd=0.008329 mon_nuc=0.726896 score=0.901238 (95.24s, 6.018GB)
  ep031 total=1.072054 cd=0.002031 | mon_cd=0.002113 mon_hd=0.007489 mon_nuc=0.687184 score=0.847141* (95.27s, 6.018GB)
  ep032 total=1.261068 cd=0.002029 | mon_cd=0.002187 mon_hd=0.008100 mon_nuc=0.718694 score=0.885611 (95.12s, 6.018GB)
  ep033 total=0.891352 cd=0.002040 | mon_cd=0.002118 mon_hd=0.007857 mon_nuc=0.766638 score=0.888197 (95.1s, 6.018GB)
  ep034 total=0.735456 cd=0.002022 | mon_cd=0.002140 mon_hd=0.007359 mon_nuc=0.738754 score=0.872707 (91.85s, 6.018GB)
  ep035 total=1.367475 cd=0.002022 | mon_cd=0.002223 mon_hd=0.008329 mon_nuc=0.662239 score=0.872494 (91.87s, 6.018GB)
  ep036 total=1.706439 cd=0.002012 | mon_cd=0.002047 mon_hd=0.007457 mon_nuc=0.709662 score=0.842796* (94.74s, 6.018GB)
  ep037 total=1.317115 cd=0.002026 | mon_cd=0.002139 mon_hd=0.008687 mon_nuc=0.677832 score=0.867532 (95.3s, 6.018GB)
  ep038 total=1.371443 cd=0.002014 | mon_cd=0.002170 mon_hd=0.008880 mon_nuc=0.640860 score=0.861143 (95.23s, 6.018GB)
  ep039 total=1.114154 cd=0.002011 | mon_cd=0.002040 mon_hd=0.008220 mon_nuc=0.706925 score=0.852425 (94.93s, 6.018GB)
  ep040 total=0.487138 cd=0.002018 | mon_cd=0.002232 mon_hd=0.010372 mon_nuc=0.687336 score=0.917699 (95.32s, 6.018GB)
  ep041 total=0.556279 cd=0.001998 | mon_cd=0.002193 mon_hd=0.008873 mon_nuc=0.715270 score=0.897734 (95.11s, 6.018GB)
  ep042 total=0.384464 cd=0.002002 | mon_cd=0.002086 mon_hd=0.008345 mon_nuc=0.740858 score=0.878243 (95.11s, 6.018GB)
  ep043 total=-0.267627 cd=0.002004 | mon_cd=0.002130 mon_hd=0.008267 mon_nuc=0.721190 score=0.877647 (95.0s, 6.018GB)
  ep044 total=-0.589067 cd=0.002005 | mon_cd=0.002019 mon_hd=0.007398 mon_nuc=0.736157 score=0.847533 (95.07s, 6.018GB)
  ep045 total=-1.171666 cd=0.001998 | mon_cd=0.002325 mon_hd=0.010225 mon_nuc=0.679966 score=0.931154 (94.74s, 6.018GB)
  ep046 total=-1.482397 cd=0.002000 | mon_cd=0.002183 mon_hd=0.007848 mon_nuc=0.718417 score=0.880743 (94.95s, 6.018GB)
  ep047 total=-2.593495 cd=0.002001 | mon_cd=0.002238 mon_hd=0.009681 mon_nuc=0.720686 score=0.922044 (94.93s, 6.018GB)
  ep048 total=-3.424991 cd=0.002019 | mon_cd=0.002074 mon_hd=0.008511 mon_nuc=0.684276 score=0.854192 (95.12s, 6.018GB)
  ep049 total=-4.052299 cd=0.002038 | mon_cd=0.002208 mon_hd=0.008574 mon_nuc=0.695907 score=0.887789 (95.03s, 6.018GB)
  ep050 total=-3.917044 cd=0.002034 | mon_cd=0.002163 mon_hd=0.009361 mon_nuc=0.754135 score=0.916012 (95.07s, 6.018GB)
  ep051 total=-1.881150 cd=0.002066 | mon_cd=0.002236 mon_hd=0.008593 mon_nuc=0.692478 score=0.892375 (93.14s, 6.018GB)
  ep052 total=-1.984252 cd=0.002045 | mon_cd=0.002156 mon_hd=0.010352 mon_nuc=0.800335 score=0.950214 (95.24s, 6.018GB)
  ep053 total=-6.861306 cd=0.002042 | mon_cd=0.002085 mon_hd=0.010266 mon_nuc=0.755283 score=0.914898 (95.23s, 6.018GB)
  ep054 total=-7.203698 cd=0.002023 | mon_cd=0.002168 mon_hd=0.007924 mon_nuc=0.742367 score=0.889120 (95.01s, 6.018GB)
  ep055 total=-7.225814 cd=0.002043 | mon_cd=0.002128 mon_hd=0.009829 mon_nuc=0.679016 score=0.884148 (94.87s, 6.018GB)
  ep056 total=-7.265763 cd=0.002038 | mon_cd=0.002294 mon_hd=0.010015 mon_nuc=0.639576 score=0.904167 (95.17s, 6.018GB)
  ep057 total=-7.318185 cd=0.002029 | mon_cd=0.002097 mon_hd=0.008700 mon_nuc=0.700829 score=0.869057 (95.05s, 6.018GB)
  ep058 total=-7.355860 cd=0.002054 | mon_cd=0.002097 mon_hd=0.007612 mon_nuc=0.741756 score=0.869178 (94.95s, 6.018GB)
  ep059 total=-5.793707 cd=0.002041 | mon_cd=0.002199 mon_hd=0.007991 mon_nuc=0.651270 score=0.857469 (95.17s, 6.018GB)
  ep060 total=-2.902972 cd=0.001957 | mon_cd=0.002024 mon_hd=0.008226 mon_nuc=0.684084 score=0.839442* (95.21s, 6.018GB)
  ep061 total=-2.877060 cd=0.001955 | mon_cd=0.002166 mon_hd=0.009753 mon_nuc=0.667873 score=0.885860 (94.86s, 6.018GB)
  ep062 total=-2.897342 cd=0.001965 | mon_cd=0.002076 mon_hd=0.010258 mon_nuc=0.724486 score=0.899671 (95.03s, 6.018GB)
  ep063 total=-2.894751 cd=0.001953 | mon_cd=0.002137 mon_hd=0.009033 mon_nuc=0.679621 score=0.873436 (94.93s, 6.018GB)
  ep064 total=-2.914999 cd=0.001960 | mon_cd=0.002038 mon_hd=0.007102 mon_nuc=0.745620 score=0.850706 (95.02s, 6.018GB)
  ep065 total=-2.941246 cd=0.001964 | mon_cd=0.002046 mon_hd=0.008355 mon_nuc=0.733600 score=0.867123 (95.11s, 6.018GB)
  ep066 total=-2.790018 cd=0.001958 | mon_cd=0.002107 mon_hd=0.008471 mon_nuc=0.724384 score=0.877509 (95.09s, 6.018GB)
  ep067 total=-2.644880 cd=0.001954 | mon_cd=0.002062 mon_hd=0.008146 mon_nuc=0.749350 score=0.873796 (94.98s, 6.018GB)
  ep068 total=-2.676208 cd=0.001958 | mon_cd=0.001994 mon_hd=0.008833 mon_nuc=0.692282 score=0.846404 (94.93s, 6.018GB)
  ep069 total=-2.814236 cd=0.001965 | mon_cd=0.002120 mon_hd=0.007953 mon_nuc=0.682640 score=0.854055 (94.96s, 6.018GB)
  ep070 total=-2.536867 cd=0.001956 | mon_cd=0.002195 mon_hd=0.009200 mon_nuc=0.725108 score=0.907477 (94.85s, 6.018GB)
  ep071 total=-2.454706 cd=0.001962 | mon_cd=0.002121 mon_hd=0.008121 mon_nuc=0.760295 score=0.890315 (94.99s, 6.018GB)
  ep072 total=-2.731647 cd=0.001968 | mon_cd=0.002052 mon_hd=0.008393 mon_nuc=0.773010 score=0.885950 (95.22s, 6.018GB)
  ep073 total=-2.919717 cd=0.001983 | mon_cd=0.002029 mon_hd=0.007918 mon_nuc=0.770529 score=0.872532 (95.02s, 6.018GB)
  ep074 total=-2.498753 cd=0.001969 | mon_cd=0.002041 mon_hd=0.008304 mon_nuc=0.787032 score=0.888112 (91.92s, 6.018GB)
  ep075 total=-2.046544 cd=0.001964 | mon_cd=0.002007 mon_hd=0.008207 mon_nuc=0.829117 score=0.897726 (93.66s, 6.018GB)
  ep076 total=0.665358 cd=0.001968 | mon_cd=0.002091 mon_hd=0.009588 mon_nuc=0.690605 score=0.877550 (94.95s, 6.018GB)
  ep077 total=2.490303 cd=0.001924 | mon_cd=0.001978 mon_hd=0.008109 mon_nuc=0.708968 score=0.838752* (95.2s, 6.018GB)
  ep078 total=-1.298276 cd=0.001942 | mon_cd=0.002055 mon_hd=0.008620 mon_nuc=0.684422 score=0.852150 (95.01s, 6.018GB)
  ep079 total=-3.809720 cd=0.001946 | mon_cd=0.002066 mon_hd=0.009380 mon_nuc=0.680003 score=0.864544 (95.04s, 6.018GB)
  ep080 total=-3.660453 cd=0.001926 | mon_cd=0.002078 mon_hd=0.009686 mon_nuc=0.692577 score=0.877367 (95.05s, 6.018GB)
  ep081 total=-3.646531 cd=0.001915 | mon_cd=0.002099 mon_hd=0.010031 mon_nuc=0.672319 score=0.878381 (95.15s, 6.018GB)
  ep082 total=-3.634677 cd=0.001924 | mon_cd=0.002044 mon_hd=0.008329 mon_nuc=0.710613 score=0.856423 (94.9s, 6.018GB)
  ep083 total=-3.614920 cd=0.001918 | mon_cd=0.002031 mon_hd=0.007144 mon_nuc=0.706963 score=0.833299* (95.03s, 6.018GB)
  ep084 total=-3.583927 cd=0.001917 | mon_cd=0.002094 mon_hd=0.007359 mon_nuc=0.683569 score=0.839758 (94.83s, 6.018GB)
  ep085 total=-3.574610 cd=0.001919 | mon_cd=0.002146 mon_hd=0.008130 mon_nuc=0.708624 score=0.873461 (95.07s, 6.018GB)
  ep086 total=-3.596465 cd=0.001918 | mon_cd=0.002195 mon_hd=0.012117 mon_nuc=0.728242 score=0.955364 (95.0s, 6.018GB)
  ep087 total=-3.584013 cd=0.001924 | mon_cd=0.002115 mon_hd=0.006616 mon_nuc=0.705578 score=0.841655 (95.11s, 6.018GB)
  ep088 total=-3.606296 cd=0.001915 | mon_cd=0.002067 mon_hd=0.007082 mon_nuc=0.726349 score=0.848105 (94.86s, 6.018GB)
  ep089 total=-3.783426 cd=0.001917 | mon_cd=0.002188 mon_hd=0.008119 mon_nuc=0.721215 score=0.887271 (95.11s, 6.018GB)
  ep090 total=-3.893088 cd=0.001897 | mon_cd=0.002049 mon_hd=0.007329 mon_nuc=0.743244 score=0.855523 (95.14s, 6.018GB)
  ep091 total=-3.777232 cd=0.001893 | mon_cd=0.001993 mon_hd=0.006804 mon_nuc=0.691439 score=0.813517* (94.81s, 6.018GB)
  ep092 total=-3.824288 cd=0.001892 | mon_cd=0.002017 mon_hd=0.006807 mon_nuc=0.713627 score=0.827959 (94.2s, 6.018GB)
  ep093 total=-4.163902 cd=0.001898 | mon_cd=0.002141 mon_hd=0.007790 mon_nuc=0.790891 score=0.902218 (95.33s, 6.018GB)
  ep094 total=-4.350123 cd=0.001899 | mon_cd=0.002157 mon_hd=0.007492 mon_nuc=0.765984 score=0.890029 (95.03s, 6.018GB)
  ep095 total=-4.069589 cd=0.001895 | mon_cd=0.002155 mon_hd=0.008064 mon_nuc=0.698049 score=0.869698 (95.07s, 6.018GB)
  ep096 total=-2.926447 cd=0.001880 | mon_cd=0.002168 mon_hd=0.007792 mon_nuc=0.733847 score=0.883206 (94.79s, 6.018GB)
  ep097 total=-2.937655 cd=0.001877 | mon_cd=0.002168 mon_hd=0.007614 mon_nuc=0.730915 score=0.879304 (95.09s, 6.018GB)
  ep098 total=-2.934392 cd=0.001880 | mon_cd=0.002112 mon_hd=0.008623 mon_nuc=0.733769 score=0.885040 (93.76s, 6.018GB)
  ep099 total=-2.934770 cd=0.001878 | mon_cd=0.002095 mon_hd=0.008072 mon_nuc=0.722161 score=0.867798 (95.3s, 6.018GB)
  ep100 total=-2.946585 cd=0.001881 | mon_cd=0.002042 mon_hd=0.007993 mon_nuc=0.728193 score=0.858227 (95.13s, 6.018GB)
  ep101 total=-2.986668 cd=0.001877 | mon_cd=0.002131 mon_hd=0.007889 mon_nuc=0.698407 score=0.862037 (95.0s, 6.018GB)
  ep102 total=-3.014070 cd=0.001880 | mon_cd=0.002037 mon_hd=0.006610 mon_nuc=0.754130 score=0.846349 (94.87s, 6.018GB)
  ep103 total=-3.044457 cd=0.001878 | mon_cd=0.002024 mon_hd=0.009032 mon_nuc=0.718731 score=0.867058 (95.0s, 6.018GB)
  ep104 total=-3.166965 cd=0.001880 | mon_cd=0.002109 mon_hd=0.009676 mon_nuc=0.691966 score=0.883391 (95.25s, 6.018GB)
  ep105 total=-3.321956 cd=0.001878 | mon_cd=0.002052 mon_hd=0.008013 mon_nuc=0.676762 score=0.838552 (95.22s, 6.018GB)
  ep106 total=-3.687218 cd=0.001878 | mon_cd=0.002086 mon_hd=0.008691 mon_nuc=0.656684 score=0.847664 (94.81s, 6.018GB)
  ep107 total=-4.004992 cd=0.001882 | mon_cd=0.002175 mon_hd=0.008283 mon_nuc=0.610215 score=0.839545 (94.93s, 6.018GB)
  ep108 total=-1.684250 cd=0.001880 | mon_cd=0.002100 mon_hd=0.008058 mon_nuc=0.646818 score=0.836394 (95.34s, 6.018GB)
  ep109 total=-1.482092 cd=0.001877 | mon_cd=0.002151 mon_hd=0.007786 mon_nuc=0.678613 score=0.856040 (95.22s, 6.018GB)
  ep110 total=-1.728639 cd=0.001888 | mon_cd=0.002215 mon_hd=0.017254 mon_nuc=0.660402 score=1.012393 (95.09s, 6.018GB)
  ep111 total=-1.070611 cd=0.001879 | mon_cd=0.002205 mon_hd=0.044302 mon_nuc=0.679830 score=1.449705 (94.92s, 6.018GB)
  ep112 total=-1.575584 cd=0.001879 | mon_cd=0.002205 mon_hd=0.008433 mon_nuc=0.655732 score=0.867551 (95.16s, 6.018GB)
  ep113 total=-2.655226 cd=0.001889 | mon_cd=0.002266 mon_hd=0.009922 mon_nuc=0.740581 score=0.940180 (94.87s, 6.018GB)
  ep114 total=-1.064314 cd=0.001882 | mon_cd=0.002167 mon_hd=0.009276 mon_nuc=0.639633 score=0.866342 (94.88s, 6.018GB)
  ep115 total=-1.551389 cd=0.001889 | mon_cd=0.002135 mon_hd=0.007902 mon_nuc=0.641270 score=0.838696 (95.1s, 6.018GB)
  ep116 total=-1.093159 cd=0.001901 | mon_cd=0.002232 mon_hd=0.009807 mon_nuc=0.624609 score=0.881728 (94.98s, 6.018GB)
  ep117 total=2.750235 cd=0.001893 | mon_cd=0.002140 mon_hd=0.008032 mon_nuc=0.677231 score=0.857126 (94.89s, 6.018GB)
  ep118 total=3.436196 cd=0.001877 | mon_cd=0.001951 mon_hd=0.006339 mon_nuc=0.689403 score=0.796573* (95.16s, 6.018GB)
  ep119 total=2.371016 cd=0.001862 | mon_cd=0.002065 mon_hd=0.009097 mon_nuc=0.676770 score=0.858444 (95.05s, 6.018GB)
  ep120 total=2.373351 cd=0.001852 | mon_cd=0.002033 mon_hd=0.008017 mon_nuc=0.714067 score=0.850781 (95.05s, 6.018GB)
  ep121 total=2.379548 cd=0.001852 | mon_cd=0.002070 mon_hd=0.008729 mon_nuc=0.709379 score=0.867558 (94.99s, 6.018GB)
  ep122 total=2.392874 cd=0.001857 | mon_cd=0.002172 mon_hd=0.008350 mon_nuc=0.691468 score=0.874820 (94.93s, 6.018GB)
  ep123 total=2.402108 cd=0.001854 | mon_cd=0.002034 mon_hd=0.008230 mon_nuc=0.680976 score=0.840173 (94.91s, 6.018GB)
  ep124 total=2.414914 cd=0.001853 | mon_cd=0.002067 mon_hd=0.008136 mon_nuc=0.756458 score=0.877772 (95.31s, 6.018GB)
  ep125 total=2.434797 cd=0.001854 | mon_cd=0.002030 mon_hd=0.007728 mon_nuc=0.701906 score=0.840226 (95.0s, 6.018GB)
  ep126 total=2.448239 cd=0.001856 | mon_cd=0.002199 mon_hd=0.027695 mon_nuc=0.722234 score=1.201864 (93.62s, 6.018GB)
  ep127 total=2.437096 cd=0.001856 | mon_cd=0.002117 mon_hd=0.010514 mon_nuc=0.680536 score=0.893396 (95.16s, 6.018GB)
  ep128 total=2.437947 cd=0.001856 | mon_cd=0.002120 mon_hd=0.019484 mon_nuc=0.673405 score=1.034021 (94.93s, 6.018GB)
  ep129 total=2.428276 cd=0.001859 | mon_cd=0.002059 mon_hd=0.008311 mon_nuc=0.686932 score=0.849082 (94.9s, 6.018GB)
  ep130 total=2.361291 cd=0.001858 | mon_cd=0.002145 mon_hd=0.014470 mon_nuc=0.649192 score=0.948736 (95.24s, 6.018GB)
  ep131 total=2.330034 cd=0.001864 | mon_cd=0.002108 mon_hd=0.008707 mon_nuc=0.681317 score=0.863164 (95.24s, 6.018GB)
  ep132 total=2.193986 cd=0.001866 | mon_cd=0.002078 mon_hd=0.007358 mon_nuc=0.701429 score=0.843941 (91.71s, 6.018GB)
  ep133 total=2.010600 cd=0.001869 | mon_cd=0.002020 mon_hd=0.007563 mon_nuc=0.668513 score=0.821380 (91.3s, 6.018GB)
  ep134 total=2.084673 cd=0.001875 | mon_cd=0.002072 mon_hd=0.008420 mon_nuc=0.779611 score=0.893137 (92.75s, 6.018GB)
  ep135 total=2.123905 cd=0.001876 | mon_cd=0.002118 mon_hd=0.009903 mon_nuc=0.689128 score=0.887500 (94.76s, 6.018GB)
/root/puv-net/puvnet/viz/visualize.py:153: UserWarning: Glyph 35757 (\N{CJK UNIFIED IDEOGRAPH-8BAD}) missing from font(s) DejaVu Sans.
  fig.tight_layout()
/root/puv-net/puvnet/viz/visualize.py:153: UserWarning: Glyph 32451 (\N{CJK UNIFIED IDEOGRAPH-7EC3}) missing from font(s) DejaVu Sans.
  fig.tight_layout()
/root/puv-net/puvnet/viz/visualize.py:153: UserWarning: Glyph 25439 (\N{CJK UNIFIED IDEOGRAPH-635F}) missing from font(s) DejaVu Sans.
  fig.tight_layout()
/root/puv-net/puvnet/viz/visualize.py:153: UserWarning: Glyph 22833 (\N{CJK UNIFIED IDEOGRAPH-5931}) missing from font(s) DejaVu Sans.
  fig.tight_layout()
/root/puv-net/puvnet/viz/visualize.py:153: UserWarning: Glyph 20998 (\N{CJK UNIFIED IDEOGRAPH-5206}) missing from font(s) DejaVu Sans.
  fig.tight_layout()
/root/puv-net/puvnet/viz/visualize.py:153: UserWarning: Glyph 39033 (\N{CJK UNIFIED IDEOGRAPH-9879}) missing from font(s) DejaVu Sans.
  fig.tight_layout()
/root/puv-net/puvnet/viz/visualize.py:59: UserWarning: Glyph 35757 (\N{CJK UNIFIED IDEOGRAPH-8BAD}) missing from font(s) DejaVu Sans.
  fig.savefig(out_path, dpi=DPI, bbox_inches="tight")
/root/puv-net/puvnet/viz/visualize.py:59: UserWarning: Glyph 32451 (\N{CJK UNIFIED IDEOGRAPH-7EC3}) missing from font(s) DejaVu Sans.
  fig.savefig(out_path, dpi=DPI, bbox_inches="tight")
/root/puv-net/puvnet/viz/visualize.py:59: UserWarning: Glyph 25439 (\N{CJK UNIFIED IDEOGRAPH-635F}) missing from font(s) DejaVu Sans.
  fig.savefig(out_path, dpi=DPI, bbox_inches="tight")
/root/puv-net/puvnet/viz/visualize.py:59: UserWarning: Glyph 22833 (\N{CJK UNIFIED IDEOGRAPH-5931}) missing from font(s) DejaVu Sans.
  fig.savefig(out_path, dpi=DPI, bbox_inches="tight")
/root/puv-net/puvnet/viz/visualize.py:59: UserWarning: Glyph 20998 (\N{CJK UNIFIED IDEOGRAPH-5206}) missing from font(s) DejaVu Sans.
  fig.savefig(out_path, dpi=DPI, bbox_inches="tight")
/root/puv-net/puvnet/viz/visualize.py:59: UserWarning: Glyph 39033 (\N{CJK UNIFIED IDEOGRAPH-9879}) missing from font(s) DejaVu Sans.
  fig.savefig(out_path, dpi=DPI, bbox_inches="tight")
  ep136 total=1.613797 cd=0.001887 | mon_cd=0.002170 mon_hd=0.009027 mon_nuc=0.689110 score=0.884158 (94.74s, 6.018GB)
  ep137 total=3.951691 cd=0.001869 | mon_cd=0.002163 mon_hd=0.008946 mon_nuc=0.701944 score=0.886925 (94.93s, 6.018GB)
  ep138 total=1.890413 cd=0.001858 | mon_cd=0.002085 mon_hd=0.009798 mon_nuc=0.698392 score=0.882960 (95.09s, 6.018GB)
  ep139 total=-0.538570 cd=0.001873 | mon_cd=0.002233 mon_hd=0.010879 mon_nuc=0.668164 score=0.917645 (95.12s, 6.018GB)
  ep140 total=-2.285028 cd=0.001905 | mon_cd=0.002164 mon_hd=0.008220 mon_nuc=0.694221 score=0.872327 (95.24s, 6.018GB)
  ep141 total=-0.661242 cd=0.001901 | mon_cd=0.001964 mon_hd=0.007423 mon_nuc=0.890522 score=0.902580 (92.98s, 6.018GB)
  ep142 total=-0.236011 cd=0.001880 | mon_cd=0.002049 mon_hd=0.007771 mon_nuc=0.805762 score=0.889368 (94.37s, 6.018GB)
  ep143 total=-0.228142 cd=0.001888 | mon_cd=0.002048 mon_hd=0.007914 mon_nuc=0.756479 score=0.870341 (94.91s, 6.018GB)
  ep144 total=-0.219415 cd=0.001882 | mon_cd=0.002147 mon_hd=0.007262 mon_nuc=0.793290 score=0.896010 (95.14s, 6.018GB)
  ep145 total=-0.187166 cd=0.001881 | mon_cd=0.002004 mon_hd=0.008013 mon_nuc=0.737246 score=0.854520 (94.81s, 6.018GB)
  ep146 total=-0.177950 cd=0.001885 | mon_cd=0.002225 mon_hd=0.009090 mon_nuc=0.665548 score=0.886368 (94.99s, 6.018GB)
  ep147 total=-0.117868 cd=0.001896 | mon_cd=0.002193 mon_hd=0.010976 mon_nuc=0.717011 score=0.931980 (95.15s, 6.018GB)
  ep148 total=-0.091698 cd=0.001888 | mon_cd=0.002167 mon_hd=0.009902 mon_nuc=0.624211 score=0.869768 (94.92s, 6.018GB)
  ep149 total=0.027454 cd=0.001888 | mon_cd=0.002310 mon_hd=0.009878 mon_nuc=0.630555 score=0.901526 (94.93s, 6.018GB)

[完成] 产物目录 runs/ABL_B1_adv_fixed
       综合选点 best = ep118 (score=0.796573)
       影子对照 cd-only 会选 = ep118 (cd=0.001951)  ← 两准则一致
       平台区 cd: 0.002109 ± 0.000074  (最优 0.001951 @ep118)
       平台区 hd: 0.009520 ± 0.005056  (最优 0.006339 @ep118)
       平台区 nuc: 0.703708 ± 0.047319  (最优 0.610215 @ep107)
       图 8 张: ['F_loss.png', 'F_metric.png', 'F_cloud_idx36660.png', 'F_hist_idx36660.png', 'F_cloud_idx38686.png', 'F_hist_idx38686.png', 'F_cloud_idx61126.png', 'F_hist_idx61126.png']
