[模型] G=1,152,803 D=0 total=1,152,803
[数据] train=65550 val=3450 fixed_samples=[36660, 38686, 61126]
[损失] {'w_cd': 1.0, 'w_adv': 0.0, 'w_uniform': 0.0, 'w_repulsion': 0.0, 'w_cd_fwd': 1.0, 'w_cd_bwd': 1.0, 'squared_cd': True, 'adv_warmup_epochs': 0, 'adv_ramp_epochs': 10, 'adaptive_adv': False, 'adv_target_ratio': 0.1, 'uniform_percentages': [0.004, 0.006, 0.008, 0.01, 0.012], 'repulsion_k': 8, 'repulsion_radius': 0.05}
[环境] NVIDIA GeForce RTX 5090 torch=2.11.0+cu128 cuda=12.8
  ep000 total=0.003930 cd=0.003930 | mon_cd=0.002691 mon_hd=0.013350 mon_nuc=0.694681 score=n/a (59.08s, 5.512GB)
  ep001 total=0.002727 cd=0.002727 | mon_cd=0.002687 mon_hd=0.014891 mon_nuc=0.651678 score=n/a (57.28s, 5.512GB)
  ep002 total=0.002616 cd=0.002616 | mon_cd=0.002309 mon_hd=0.011557 mon_nuc=0.643074 score=n/a (57.46s, 5.512GB)
  ep003 total=0.002568 cd=0.002568 | mon_cd=0.002566 mon_hd=0.011058 mon_nuc=0.622903 score=n/a (57.47s, 5.512GB)
  ep004 total=0.002527 cd=0.002527 | mon_cd=0.002522 mon_hd=0.011069 mon_nuc=0.645851 score=0.982925* (57.63s, 5.512GB)
  ep005 total=0.002451 cd=0.002451 | mon_cd=0.002339 mon_hd=0.009213 mon_nuc=0.611668 score=0.899303* (57.57s, 5.512GB)
  ep006 total=0.002406 cd=0.002406 | mon_cd=0.002411 mon_hd=0.010251 mon_nuc=0.587418 score=0.920092 (57.41s, 5.512GB)
  ep007 total=0.002355 cd=0.002355 | mon_cd=0.002309 mon_hd=0.008457 mon_nuc=0.645132 score=0.895971* (57.26s, 5.512GB)
  ep008 total=0.002340 cd=0.002340 | mon_cd=0.002186 mon_hd=0.009314 mon_nuc=0.643346 score=0.885935* (57.22s, 5.512GB)
  ep009 total=0.002298 cd=0.002298 | mon_cd=0.002330 mon_hd=0.010151 mon_nuc=0.675842 score=0.943643 (57.51s, 5.512GB)
  ep010 total=0.002255 cd=0.002255 | mon_cd=0.002152 mon_hd=0.009288 mon_nuc=0.666396 score=0.889614 (57.38s, 5.512GB)
  ep011 total=0.002228 cd=0.002228 | mon_cd=0.002175 mon_hd=0.009828 mon_nuc=0.635504 score=0.889145 (57.38s, 5.512GB)
  ep012 total=0.002205 cd=0.002205 | mon_cd=0.002188 mon_hd=0.009027 mon_nuc=0.606979 score=0.864473* (57.47s, 5.512GB)
  ep013 total=0.002195 cd=0.002195 | mon_cd=0.002437 mon_hd=0.011992 mon_nuc=0.595158 score=0.958923 (57.19s, 5.512GB)
  ep014 total=0.002188 cd=0.002188 | mon_cd=0.002248 mon_hd=0.009337 mon_nuc=0.632680 score=0.893525 (57.11s, 5.512GB)
  ep015 total=0.002158 cd=0.002158 | mon_cd=0.002163 mon_hd=0.008350 mon_nuc=0.637021 score=0.861931* (57.29s, 5.512GB)
  ep016 total=0.002130 cd=0.002130 | mon_cd=0.002278 mon_hd=0.008228 mon_nuc=0.574522 score=0.853110* (57.36s, 5.512GB)
  ep017 total=0.002136 cd=0.002136 | mon_cd=0.002364 mon_hd=0.008933 mon_nuc=0.575947 score=0.882802 (57.47s, 5.512GB)
  ep018 total=0.002128 cd=0.002128 | mon_cd=0.002176 mon_hd=0.007745 mon_nuc=0.636908 score=0.853853 (57.57s, 5.512GB)
  ep019 total=0.002108 cd=0.002108 | mon_cd=0.002155 mon_hd=0.008695 mon_nuc=0.590258 score=0.844562* (57.16s, 5.512GB)
  ep020 total=0.002101 cd=0.002101 | mon_cd=0.002193 mon_hd=0.008827 mon_nuc=0.592864 score=0.855437 (57.36s, 5.512GB)
  ep021 total=0.002096 cd=0.002096 | mon_cd=0.002187 mon_hd=0.009193 mon_nuc=0.573970 score=0.851880 (57.37s, 5.512GB)
  ep022 total=0.002083 cd=0.002083 | mon_cd=0.002131 mon_hd=0.009096 mon_nuc=0.580920 score=0.842519* (57.2s, 5.512GB)
  ep023 total=0.002078 cd=0.002078 | mon_cd=0.002153 mon_hd=0.007378 mon_nuc=0.649278 score=0.848721 (57.36s, 5.512GB)
  ep024 total=0.002070 cd=0.002070 | mon_cd=0.002124 mon_hd=0.008674 mon_nuc=0.600221 score=0.842882 (57.51s, 5.512GB)
  ep025 total=0.002047 cd=0.002047 | mon_cd=0.002105 mon_hd=0.007782 mon_nuc=0.604466 score=0.825539* (57.38s, 5.512GB)
  ep026 total=0.002062 cd=0.002062 | mon_cd=0.002197 mon_hd=0.007154 mon_nuc=0.662318 score=0.859469 (57.39s, 5.512GB)
  ep027 total=0.002035 cd=0.002035 | mon_cd=0.002371 mon_hd=0.009678 mon_nuc=0.676213 score=0.943505 (57.5s, 5.512GB)
  ep028 total=0.002051 cd=0.002051 | mon_cd=0.002185 mon_hd=0.008642 mon_nuc=0.608825 score=0.858158 (57.27s, 5.512GB)
  ep029 total=0.002031 cd=0.002031 | mon_cd=0.002158 mon_hd=0.007070 mon_nuc=0.626971 score=0.834073 (57.39s, 5.512GB)
  ep030 total=0.001978 cd=0.001978 | mon_cd=0.002179 mon_hd=0.007805 mon_nuc=0.640076 score=0.857009 (57.25s, 5.512GB)
  ep031 total=0.001988 cd=0.001988 | mon_cd=0.002194 mon_hd=0.008686 mon_nuc=0.581447 score=0.847853 (57.31s, 5.512GB)
  ep032 total=0.001987 cd=0.001987 | mon_cd=0.002217 mon_hd=0.007904 mon_nuc=0.636997 score=0.864580 (57.39s, 5.512GB)
  ep033 total=0.001976 cd=0.001976 | mon_cd=0.002124 mon_hd=0.007592 mon_nuc=0.630002 score=0.837954 (56.87s, 5.512GB)
  ep034 total=0.001977 cd=0.001977 | mon_cd=0.002164 mon_hd=0.007463 mon_nuc=0.622104 score=0.839715 (57.32s, 5.512GB)
  ep035 total=0.001970 cd=0.001970 | mon_cd=0.002211 mon_hd=0.007740 mon_nuc=0.586853 score=0.837342 (57.39s, 5.512GB)
  ep036 total=0.001975 cd=0.001975 | mon_cd=0.002079 mon_hd=0.008287 mon_nuc=0.584036 score=0.819847* (52.54s, 5.512GB)
  ep037 total=0.001966 cd=0.001966 | mon_cd=0.002145 mon_hd=0.007645 mon_nuc=0.635577 score=0.845522 (50.34s, 5.512GB)
  ep038 total=0.001962 cd=0.001962 | mon_cd=0.002173 mon_hd=0.007870 mon_nuc=0.583628 score=0.830728 (49.99s, 5.512GB)
  ep039 total=0.001968 cd=0.001968 | mon_cd=0.002128 mon_hd=0.007200 mon_nuc=0.580820 score=0.809025* (49.91s, 5.512GB)
  ep040 total=0.001945 cd=0.001945 | mon_cd=0.002062 mon_hd=0.008419 mon_nuc=0.567189 score=0.810952 (53.93s, 5.512GB)
  ep041 total=0.001945 cd=0.001945 | mon_cd=0.002147 mon_hd=0.007900 mon_nuc=0.582982 score=0.825784 (57.63s, 5.512GB)
  ep042 total=0.001943 cd=0.001943 | mon_cd=0.002189 mon_hd=0.007222 mon_nuc=0.594042 score=0.827466 (51.82s, 5.512GB)
  ep043 total=0.001936 cd=0.001936 | mon_cd=0.002216 mon_hd=0.007046 mon_nuc=0.593874 score=0.829636 (52.09s, 5.512GB)
  ep044 total=0.001924 cd=0.001924 | mon_cd=0.002252 mon_hd=0.010946 mon_nuc=0.617424 score=0.914994 (57.48s, 5.512GB)
  ep045 total=0.001938 cd=0.001938 | mon_cd=0.002125 mon_hd=0.008066 mon_nuc=0.639708 score=0.850817 (57.46s, 5.512GB)
  ep046 total=0.001945 cd=0.001945 | mon_cd=0.002234 mon_hd=0.008534 mon_nuc=0.546882 score=0.837024 (57.51s, 5.512GB)
  ep047 total=0.001924 cd=0.001924 | mon_cd=0.002295 mon_hd=0.008004 mon_nuc=0.559620 score=0.845612 (57.48s, 5.512GB)
  ep048 total=0.001921 cd=0.001921 | mon_cd=0.002133 mon_hd=0.007495 mon_nuc=0.616547 score=0.831647 (57.54s, 5.512GB)
  ep049 total=0.001929 cd=0.001929 | mon_cd=0.002189 mon_hd=0.007584 mon_nuc=0.570614 score=0.822904 (57.22s, 5.512GB)
  ep050 total=0.001915 cd=0.001915 | mon_cd=0.002187 mon_hd=0.007377 mon_nuc=0.574394 score=0.820712 (57.22s, 5.512GB)
  ep051 total=0.001917 cd=0.001917 | mon_cd=0.002098 mon_hd=0.007506 mon_nuc=0.584896 score=0.810353 (57.21s, 5.512GB)
  ep052 total=0.001920 cd=0.001920 | mon_cd=0.002188 mon_hd=0.007753 mon_nuc=0.592385 score=0.835744 (57.29s, 5.512GB)
  ep053 total=0.001907 cd=0.001907 | mon_cd=0.002114 mon_hd=0.007324 mon_nuc=0.558991 score=0.798431* (57.46s, 5.512GB)
  ep054 total=0.001913 cd=0.001913 | mon_cd=0.002080 mon_hd=0.007879 mon_nuc=0.593538 score=0.817311 (57.55s, 5.512GB)
  ep055 total=0.001906 cd=0.001906 | mon_cd=0.002318 mon_hd=0.007582 mon_nuc=0.565415 score=0.845605 (57.49s, 5.512GB)
  ep056 total=0.001918 cd=0.001918 | mon_cd=0.002294 mon_hd=0.009013 mon_nuc=0.512833 score=0.841113 (57.52s, 5.512GB)
  ep057 total=0.001912 cd=0.001912 | mon_cd=0.002172 mon_hd=0.007790 mon_nuc=0.567995 score=0.821851 (57.64s, 5.512GB)
  ep058 total=0.001898 cd=0.001898 | mon_cd=0.002140 mon_hd=0.006969 mon_nuc=0.581417 score=0.807728 (57.56s, 5.512GB)
  ep059 total=0.001903 cd=0.001903 | mon_cd=0.002099 mon_hd=0.006610 mon_nuc=0.589951 score=0.797372* (57.07s, 5.512GB)
  ep060 total=0.001870 cd=0.001870 | mon_cd=0.002099 mon_hd=0.007578 mon_nuc=0.572022 score=0.805808 (57.37s, 5.512GB)
  ep061 total=0.001868 cd=0.001868 | mon_cd=0.002090 mon_hd=0.006826 mon_nuc=0.583754 score=0.796448* (57.4s, 5.512GB)
  ep062 total=0.001861 cd=0.001861 | mon_cd=0.002193 mon_hd=0.008279 mon_nuc=0.580514 score=0.840308 (56.59s, 5.512GB)
  ep063 total=0.001860 cd=0.001860 | mon_cd=0.002203 mon_hd=0.007448 mon_nuc=0.584112 score=0.829515 (50.01s, 5.512GB)
  ep064 total=0.001867 cd=0.001867 | mon_cd=0.002218 mon_hd=0.007639 mon_nuc=0.556441 score=0.822863 (57.64s, 5.512GB)
  ep065 total=0.001864 cd=0.001864 | mon_cd=0.002054 mon_hd=0.007185 mon_nuc=0.610517 score=0.808260 (57.72s, 5.512GB)
  ep066 total=0.001858 cd=0.001858 | mon_cd=0.002069 mon_hd=0.007311 mon_nuc=0.587322 score=0.802426 (57.32s, 5.512GB)
  ep067 total=0.001862 cd=0.001862 | mon_cd=0.002087 mon_hd=0.007083 mon_nuc=0.565598 score=0.791934* (57.71s, 5.512GB)
  ep068 total=0.001853 cd=0.001853 | mon_cd=0.002254 mon_hd=0.007813 mon_nuc=0.557202 score=0.833265 (57.79s, 5.512GB)
  ep069 total=0.001856 cd=0.001856 | mon_cd=0.002015 mon_hd=0.006415 mon_nuc=0.580613 score=0.773325* (57.45s, 5.512GB)
  ep070 total=0.001853 cd=0.001853 | mon_cd=0.002081 mon_hd=0.006928 mon_nuc=0.589748 score=0.799353 (57.35s, 5.512GB)
  ep071 total=0.001860 cd=0.001860 | mon_cd=0.002059 mon_hd=0.007273 mon_nuc=0.577634 score=0.795399 (57.35s, 5.512GB)
  ep072 total=0.001852 cd=0.001852 | mon_cd=0.001971 mon_hd=0.006694 mon_nuc=0.615004 score=0.785589 (57.41s, 5.512GB)
  ep073 total=0.001852 cd=0.001852 | mon_cd=0.002166 mon_hd=0.007404 mon_nuc=0.573914 score=0.816854 (57.39s, 5.512GB)
  ep074 total=0.001849 cd=0.001849 | mon_cd=0.002162 mon_hd=0.007250 mon_nuc=0.558991 score=0.806395 (57.45s, 5.512GB)
  ep075 total=0.001847 cd=0.001847 | mon_cd=0.002150 mon_hd=0.007162 mon_nuc=0.568202 score=0.806797 (57.19s, 5.512GB)
  ep076 total=0.001844 cd=0.001844 | mon_cd=0.002123 mon_hd=0.007592 mon_nuc=0.591296 score=0.819673 (57.36s, 5.512GB)
  ep077 total=0.001847 cd=0.001847 | mon_cd=0.002081 mon_hd=0.007570 mon_nuc=0.586966 score=0.809060 (57.52s, 5.512GB)
  ep078 total=0.001848 cd=0.001848 | mon_cd=0.002078 mon_hd=0.007522 mon_nuc=0.558290 score=0.794450 (56.55s, 5.512GB)
  ep079 total=0.001842 cd=0.001842 | mon_cd=0.002037 mon_hd=0.007293 mon_nuc=0.575723 score=0.790528 (49.38s, 5.512GB)
  ep080 total=0.001858 cd=0.001858 | mon_cd=0.002133 mon_hd=0.007276 mon_nuc=0.548292 score=0.796259 (49.41s, 5.512GB)
  ep081 total=0.001841 cd=0.001841 | mon_cd=0.002137 mon_hd=0.007135 mon_nuc=0.562130 score=0.800993 (49.72s, 5.512GB)
  ep082 total=0.001840 cd=0.001840 | mon_cd=0.002161 mon_hd=0.007487 mon_nuc=0.577169 score=0.818780 (49.72s, 5.512GB)
  ep083 total=0.001835 cd=0.001835 | mon_cd=0.002124 mon_hd=0.008723 mon_nuc=0.576179 score=0.832494 (51.57s, 5.512GB)
  ep084 total=0.001835 cd=0.001835 | mon_cd=0.002194 mon_hd=0.006931 mon_nuc=0.566166 score=0.810381 (57.33s, 5.512GB)
  ep085 total=0.001838 cd=0.001838 | mon_cd=0.002263 mon_hd=0.008363 mon_nuc=0.585004 score=0.857327 (57.83s, 5.512GB)
  ep086 total=0.001843 cd=0.001843 | mon_cd=0.002057 mon_hd=0.007058 mon_nuc=0.583947 score=0.794138 (57.67s, 5.512GB)
  ep087 total=0.001835 cd=0.001835 | mon_cd=0.002079 mon_hd=0.006245 mon_nuc=0.595535 score=0.789805 (57.51s, 5.512GB)
  ep088 total=0.001833 cd=0.001833 | mon_cd=0.002146 mon_hd=0.007129 mon_nuc=0.564312 score=0.803603 (57.5s, 5.512GB)
  ep089 total=0.001831 cd=0.001831 | mon_cd=0.002144 mon_hd=0.006654 mon_nuc=0.563958 score=0.794916 (57.51s, 5.512GB)
  ep090 total=0.001811 cd=0.001811 | mon_cd=0.002038 mon_hd=0.006838 mon_nuc=0.576158 score=0.783114 (57.56s, 5.512GB)
  ep091 total=0.001815 cd=0.001815 | mon_cd=0.002049 mon_hd=0.006426 mon_nuc=0.565113 score=0.772941* (57.66s, 5.512GB)
  ep092 total=0.001812 cd=0.001812 | mon_cd=0.002025 mon_hd=0.007403 mon_nuc=0.571768 score=0.788226 (57.55s, 5.512GB)
  ep093 total=0.001810 cd=0.001810 | mon_cd=0.001989 mon_hd=0.006540 mon_nuc=0.575845 score=0.768140* (57.52s, 5.512GB)
  ep094 total=0.001812 cd=0.001812 | mon_cd=0.001995 mon_hd=0.007025 mon_nuc=0.582258 score=0.780719 (57.36s, 5.512GB)
  ep095 total=0.001811 cd=0.001811 | mon_cd=0.002079 mon_hd=0.007463 mon_nuc=0.554566 score=0.791806 (57.59s, 5.512GB)
  ep096 total=0.001819 cd=0.001819 | mon_cd=0.001998 mon_hd=0.006876 mon_nuc=0.561067 score=0.768942 (57.55s, 5.512GB)
  ep097 total=0.001812 cd=0.001812 | mon_cd=0.001989 mon_hd=0.006340 mon_nuc=0.566221 score=0.760368* (57.44s, 5.512GB)
  ep098 total=0.001816 cd=0.001816 | mon_cd=0.002079 mon_hd=0.007598 mon_nuc=0.571316 score=0.801961 (57.25s, 5.512GB)
  ep099 total=0.001805 cd=0.001805 | mon_cd=0.002056 mon_hd=0.007562 mon_nuc=0.554633 score=0.789035 (57.37s, 5.512GB)
  ep100 total=0.001805 cd=0.001805 | mon_cd=0.002033 mon_hd=0.006674 mon_nuc=0.569556 score=0.776112 (57.79s, 5.512GB)
  ep101 total=0.001803 cd=0.001803 | mon_cd=0.002055 mon_hd=0.007838 mon_nuc=0.555094 score=0.793821 (57.58s, 5.512GB)
  ep102 total=0.001808 cd=0.001808 | mon_cd=0.001976 mon_hd=0.006968 mon_nuc=0.580686 score=0.775361 (57.5s, 5.512GB)
  ep103 total=0.001805 cd=0.001805 | mon_cd=0.001964 mon_hd=0.006763 mon_nuc=0.583420 score=0.770782 (57.54s, 5.512GB)
  ep104 total=0.001801 cd=0.001801 | mon_cd=0.002078 mon_hd=0.007328 mon_nuc=0.583065 score=0.802576 (57.29s, 5.512GB)
  ep105 total=0.001803 cd=0.001803 | mon_cd=0.001912 mon_hd=0.006515 mon_nuc=0.584418 score=0.756862* (57.4s, 5.512GB)
  ep106 total=0.001803 cd=0.001803 | mon_cd=0.002023 mon_hd=0.005889 mon_nuc=0.575288 score=0.763390 (57.5s, 5.512GB)
  ep107 total=0.001811 cd=0.001811 | mon_cd=0.002118 mon_hd=0.007571 mon_nuc=0.568890 score=0.807975 (57.42s, 5.512GB)
  ep108 total=0.001802 cd=0.001802 | mon_cd=0.002007 mon_hd=0.007707 mon_nuc=0.560694 score=0.784877 (57.56s, 5.512GB)
  ep109 total=0.001798 cd=0.001798 | mon_cd=0.002039 mon_hd=0.006711 mon_nuc=0.569776 score=0.778129 (57.47s, 5.512GB)
  ep110 total=0.001798 cd=0.001798 | mon_cd=0.002020 mon_hd=0.006495 mon_nuc=0.584385 score=0.777455 (57.51s, 5.512GB)
  ep111 total=0.001800 cd=0.001800 | mon_cd=0.002014 mon_hd=0.006634 mon_nuc=0.564245 score=0.769367 (56.48s, 5.512GB)
  ep112 total=0.001797 cd=0.001797 | mon_cd=0.001985 mon_hd=0.007274 mon_nuc=0.584929 score=0.784324 (57.64s, 5.512GB)
  ep113 total=0.001798 cd=0.001798 | mon_cd=0.002039 mon_hd=0.007114 mon_nuc=0.577157 score=0.788551 (57.45s, 5.512GB)
  ep114 total=0.001797 cd=0.001797 | mon_cd=0.001999 mon_hd=0.006858 mon_nuc=0.578246 score=0.776830 (57.35s, 5.512GB)
  ep115 total=0.001796 cd=0.001796 | mon_cd=0.002051 mon_hd=0.007326 mon_nuc=0.577020 score=0.794525 (57.32s, 5.512GB)
  ep116 total=0.001795 cd=0.001795 | mon_cd=0.002008 mon_hd=0.007147 mon_nuc=0.567140 score=0.778296 (57.25s, 5.512GB)
  ep117 total=0.001794 cd=0.001794 | mon_cd=0.002051 mon_hd=0.006263 mon_nuc=0.552010 score=0.764495 (57.39s, 5.512GB)
  ep118 total=0.001795 cd=0.001795 | mon_cd=0.001938 mon_hd=0.006669 mon_nuc=0.576658 score=0.760949 (57.56s, 5.512GB)
  ep119 total=0.001794 cd=0.001794 | mon_cd=0.002041 mon_hd=0.007978 mon_nuc=0.566462 score=0.798900 (57.31s, 5.512GB)
  ep120 total=0.001780 cd=0.001780 | mon_cd=0.001962 mon_hd=0.007255 mon_nuc=0.590517 score=0.782142 (57.55s, 5.512GB)
  ep121 total=0.001779 cd=0.001779 | mon_cd=0.001948 mon_hd=0.006873 mon_nuc=0.593038 score=0.774002 (57.45s, 5.512GB)
  ep122 total=0.001778 cd=0.001778 | mon_cd=0.001965 mon_hd=0.007360 mon_nuc=0.573677 score=0.776643 (57.45s, 5.512GB)
  ep123 total=0.001778 cd=0.001778 | mon_cd=0.001933 mon_hd=0.006905 mon_nuc=0.582542 score=0.766729 (56.9s, 5.512GB)
  ep124 total=0.001778 cd=0.001778 | mon_cd=0.001999 mon_hd=0.007287 mon_nuc=0.580826 score=0.785474 (56.89s, 5.512GB)
  ep125 total=0.001775 cd=0.001775 | mon_cd=0.001958 mon_hd=0.006252 mon_nuc=0.598851 score=0.767982 (57.61s, 5.512GB)
  ep126 total=0.001777 cd=0.001777 | mon_cd=0.001948 mon_hd=0.006297 mon_nuc=0.571396 score=0.753879* (57.36s, 5.512GB)
  ep127 total=0.001780 cd=0.001780 | mon_cd=0.001964 mon_hd=0.006772 mon_nuc=0.583036 score=0.770631 (57.44s, 5.512GB)
  ep128 total=0.001775 cd=0.001775 | mon_cd=0.001963 mon_hd=0.006892 mon_nuc=0.568267 score=0.765731 (57.36s, 5.512GB)
  ep129 total=0.001772 cd=0.001772 | mon_cd=0.001964 mon_hd=0.007177 mon_nuc=0.572706 score=0.772938 (57.2s, 5.512GB)
  ep130 total=0.001772 cd=0.001772 | mon_cd=0.001977 mon_hd=0.006828 mon_nuc=0.581252 score=0.773331 (56.72s, 5.512GB)
  ep131 total=0.001774 cd=0.001774 | mon_cd=0.001934 mon_hd=0.007157 mon_nuc=0.576071 score=0.768314 (57.11s, 5.512GB)
/root/puv-net/puvnet/viz/visualize.py:153: UserWarning: Glyph 35757 (\N{CJK UNIFIED IDEOGRAPH-8BAD}) missing from font(s) DejaVu Sans.
  fig.tight_layout()
/root/puv-net/puvnet/viz/visualize.py:153: UserWarning: Glyph 32451 (\N{CJK UNIFIED IDEOGRAPH-7EC3}) missing from font(s) DejaVu Sans.
  fig.tight_layout()
/root/puv-net/puvnet/viz/visualize.py:153: UserWarning: Glyph 25439 (\N{CJK UNIFIED IDEOGRAPH-635F}) missing from font(s) DejaVu Sans.
  fig.tight_layout()
/root/puv-net/puvnet/viz/visualize.py:153: UserWarning: Glyph 22833 (\N{CJK UNIFIED IDEOGRAPH-5931}) missing from font(s) DejaVu Sans.
  fig.tight_layout()
/root/puv-net/puvnet/viz/visualize.py:153: UserWarning: Glyph 20998 (\N{CJK UNIFIED IDEOGRAPH-5206}) missing from font(s) DejaVu Sans.
  fig.tight_layout()
/root/puv-net/puvnet/viz/visualize.py:153: UserWarning: Glyph 39033 (\N{CJK UNIFIED IDEOGRAPH-9879}) missing from font(s) DejaVu Sans.
  fig.tight_layout()
/root/puv-net/puvnet/viz/visualize.py:59: UserWarning: Glyph 35757 (\N{CJK UNIFIED IDEOGRAPH-8BAD}) missing from font(s) DejaVu Sans.
  fig.savefig(out_path, dpi=DPI, bbox_inches="tight")
/root/puv-net/puvnet/viz/visualize.py:59: UserWarning: Glyph 32451 (\N{CJK UNIFIED IDEOGRAPH-7EC3}) missing from font(s) DejaVu Sans.
  fig.savefig(out_path, dpi=DPI, bbox_inches="tight")
/root/puv-net/puvnet/viz/visualize.py:59: UserWarning: Glyph 25439 (\N{CJK UNIFIED IDEOGRAPH-635F}) missing from font(s) DejaVu Sans.
  fig.savefig(out_path, dpi=DPI, bbox_inches="tight")
/root/puv-net/puvnet/viz/visualize.py:59: UserWarning: Glyph 22833 (\N{CJK UNIFIED IDEOGRAPH-5931}) missing from font(s) DejaVu Sans.
  fig.savefig(out_path, dpi=DPI, bbox_inches="tight")
/root/puv-net/puvnet/viz/visualize.py:59: UserWarning: Glyph 20998 (\N{CJK UNIFIED IDEOGRAPH-5206}) missing from font(s) DejaVu Sans.
  fig.savefig(out_path, dpi=DPI, bbox_inches="tight")
/root/puv-net/puvnet/viz/visualize.py:59: UserWarning: Glyph 39033 (\N{CJK UNIFIED IDEOGRAPH-9879}) missing from font(s) DejaVu Sans.
  fig.savefig(out_path, dpi=DPI, bbox_inches="tight")
  ep132 total=0.001772 cd=0.001772 | mon_cd=0.002024 mon_hd=0.007141 mon_nuc=0.567293 score=0.781414 (57.49s, 5.512GB)
  ep133 total=0.001771 cd=0.001771 | mon_cd=0.001954 mon_hd=0.007182 mon_nuc=0.586165 score=0.777230 (57.48s, 5.512GB)
  ep134 total=0.001769 cd=0.001769 | mon_cd=0.001957 mon_hd=0.006695 mon_nuc=0.587833 score=0.770271 (57.37s, 5.512GB)
  ep135 total=0.001773 cd=0.001773 | mon_cd=0.001989 mon_hd=0.006728 mon_nuc=0.571374 score=0.769509 (57.15s, 5.512GB)
  ep136 total=0.001769 cd=0.001769 | mon_cd=0.001998 mon_hd=0.007215 mon_nuc=0.564810 score=0.776539 (52.74s, 5.512GB)
  ep137 total=0.001772 cd=0.001772 | mon_cd=0.001977 mon_hd=0.006987 mon_nuc=0.557596 score=0.765164 (57.28s, 5.512GB)
  ep138 total=0.001768 cd=0.001768 | mon_cd=0.002007 mon_hd=0.007190 mon_nuc=0.554038 score=0.772876 (57.43s, 5.512GB)
  ep139 total=0.001770 cd=0.001770 | mon_cd=0.002027 mon_hd=0.006868 mon_nuc=0.554642 score=0.771495 (53.34s, 5.512GB)
  ep140 total=0.001770 cd=0.001770 | mon_cd=0.001982 mon_hd=0.007022 mon_nuc=0.585811 score=0.779886 (56.35s, 5.512GB)
  ep141 total=0.001770 cd=0.001770 | mon_cd=0.001948 mon_hd=0.006607 mon_nuc=0.578308 score=0.762600 (49.4s, 5.512GB)
  ep142 total=0.001767 cd=0.001767 | mon_cd=0.002026 mon_hd=0.007188 mon_nuc=0.562897 score=0.780665 (49.49s, 5.512GB)
  ep143 total=0.001768 cd=0.001768 | mon_cd=0.001997 mon_hd=0.007414 mon_nuc=0.567216 score=0.780896 (50.39s, 5.512GB)
  ep144 total=0.001765 cd=0.001765 | mon_cd=0.001983 mon_hd=0.006894 mon_nuc=0.581225 score=0.775619 (49.92s, 5.512GB)
  ep145 total=0.001767 cd=0.001767 | mon_cd=0.001967 mon_hd=0.006530 mon_nuc=0.580398 score=0.765844 (49.17s, 5.512GB)
  ep146 total=0.001768 cd=0.001768 | mon_cd=0.001986 mon_hd=0.006532 mon_nuc=0.588268 score=0.773332 (50.52s, 5.512GB)
  ep147 total=0.001766 cd=0.001766 | mon_cd=0.001961 mon_hd=0.014974 mon_nuc=0.599429 score=0.919717 (56.94s, 5.512GB)
  ep148 total=0.001764 cd=0.001764 | mon_cd=0.001997 mon_hd=0.007038 mon_nuc=0.585497 score=0.782953 (57.51s, 5.512GB)
  ep149 total=0.001763 cd=0.001763 | mon_cd=0.001994 mon_hd=0.007014 mon_nuc=0.580956 score=0.779745 (54.39s, 5.512GB)

[完成] 产物目录 runs/B002_baseline150_5090
       综合选点 best = ep126 (score=0.753879)
       影子对照 cd-only 会选 = ep105 (cd=0.001912)  ← ★两准则分歧，须在论文中说明
       平台区 cd: 0.002025 ± 0.000068  (最优 0.001912 @ep105)
       平台区 hd: 0.007149 ± 0.001034  (最优 0.005889 @ep106)
       平台区 nuc: 0.574229 ± 0.011654  (最优 0.512833 @ep56)
       图 8 张: ['F_loss.png', 'F_metric.png', 'F_cloud_idx36660.png', 'F_hist_idx36660.png', 'F_cloud_idx38686.png', 'F_hist_idx38686.png', 'F_cloud_idx61126.png', 'F_hist_idx61126.png']
